[{"tax":0},{"tax":0},{"tax":0},{"tax":0},{"tax":0},{"tax":0},{"tax":2000},{"tax":2400}]